PS C:\Users\Name\Downloads\ShoppingCart_2_JavaScript_DOM_Manipulation> git init
t init
t init
Initialized empty Git repository in C:/Users/Name/DownloInitialized empty Git repository in C:/Users/Name/Donlnloadsnlnlnloanloads/Snlnlnloads/ShoppingCart_2_JavaScript_DOM_Manipulation/.git/
n> git remote add origin https://github.com/codingName/shoppingCart2.0.git
>> git branch -M main
>> git push -u origin mainjjgit remote add origin https://github.com/codingName/shoppingCart2.0.git
>> git branch -M main
>> git push -u origin main
 *  History restored 

PSgit remote add origin https://github.com/codingName/shoppingCart2.0.git
>> git branch -M main
>> git push -u origin main
error: src refspec main does not match any
error: failed to push some refs to 'https://github.com/codingName/shoppingCart2.0.git'
PS C:\Users\Name\Downloads\ShoppingCart_2_JavaScript_DOM_Manipulation> git init  
Reinitialized existing Git repository in C:/Users/Name/Downloads/ShoppingCart_2_JavaScript_DOM_Manipulation/.git/
PS C:\Users\Name\Downloads\ShoppingCart_2_JavaScript_DOM_Manipulation> git commit -"first commit"
error: unknown switch `f'
usage: git commit [-a | --interactive | --patch] [-s] [-v] [-u<mode>] [--amend]
                  [--dry-run] [(-c | -C | --squash) <commit> | --fixup [(amend|reword):]<commit>)]
                  [-F <file> | -m <msg>] [--reset-author] [--allow-empty]
                  [--allow-empty-message] [--no-verify] [-e] [--author=<author>]
                  [--date=<date>] [--cleanup=<mode>] [--[no-]status]
                  [-i | -o] [--pathspec-from-file=<file> [--pathspec-file-nul]]
                  [(--trailer <token>[(=|:)<value>])...] [-S[<keyid>]]
                  [--] [<pathspec>...]

    -q, --[no-]quiet      suppress summary after successful commit
    -v, --[no-]verbose    show diff in commit message template

Commit message options
    -F, --[no-]file <file>
                          read message from file
    --[no-]author <author>
                          override author for commit
    --[no-]date <date>    override date for commit
    -m, --[no-]message <message>
                          commit message
    -c, --[no-]reedit-message <commit>
                          reuse and edit message from specified commit
    -C, --[no-]reuse-message <commit>
                          reuse message from specified commit
    --[no-]fixup [(amend|reword):]commit
                          use autosquash formatted message to fixup or amend/reword specified commit
    --[no-]squash <commit>
                          use autosquash formatted message to squash specified commit
    --[no-]reset-author   the commit is authored by me now (used with -C/-c/--amend)
    --trailer <trailer>   add custom trailer(s)
    -s, --[no-]signoff    add a Signed-off-by trailer
    -t, --[no-]template <file>
                          use specified template file
    -e, --[no-]edit       force edit of commit
    --[no-]cleanup <mode> how to strip spaces and #comments from message
    --[no-]status         include status in commit message template
    -S, --[no-]gpg-sign[=<key-id>]
                          GPG sign commit

Commit contents options
    -a, --[no-]all        commit all changed files
    -i, --[no-]include    add specified files to index for commit
    --[no-]interactive    interactively add files
    -p, --[no-]patch      interactively add changes
    -o, --[no-]only       commit only specified files
    -n, --no-verify       bypass pre-commit and commit-msg hooks
    --verify              opposite of --no-verify
    --[no-]dry-run        show what would be committed
    --[no-]short          show status concisely
    --[no-]branch         show branch information
    --[no-]ahead-behind   compute full ahead/behind values
    --[no-]porcelain      machine-readable output
    --[no-]long           show status in long format (default)
    -z, --[no-]null       terminate entries with NUL
    --[no-]amend          amend previous commit
    --no-post-rewrite     bypass post-rewrite hook
    --post-rewrite        opposite of --no-post-rewrite
    -u, --[no-]untracked-files[=<mode>]
                          show untracked files, optional modes: all, normal, no. (Default: all)
    --[no-]pathspec-from-file <file>
                          read pathspec from file
    --[no-]pathspec-file-nul
                          with --pathspec-from-file, pathspec elements are separated with NUL character

PS C:\Users\Name\Downloads\ShoppingCart_2_JavaScript_DOM_Manipulation> git commit -m "first commit" 
On branch main

Initial commit

Untracked files:
  (use "git add <file>..." to include in what will be committed)
        .gitignore
        index.html
        items.json
        package-lock.json
        package.json
        script.js
        store.html
        team.html

nothing added to commit but untracked files present (use "git add" to track)
PS C:\Users\Name\Downloads\ShoppingCart_2_JavaScript_DOM_Manipulation> git branch -M main
PS C:\Users\Name\Downloads\ShoppingCart_2_JavaScript_DOM_Manipulation> git remote add origin https://github.com/codingName/shoppingCart2.0.git
error: remote origin already exists.
PS C:\Users\Name\Downloads\ShoppingCart_2_JavaScript_DOM_Manipulation> git push
fatal: The current branch main has no upstream branch.
To push the current branch and set the remote as upstream, use

    git push --set-upstream origin main

To have this happen automatically for branches without a tracking
upstream, see 'push.autoSetupRemote' in 'git help config'.

PS C:\Users\Name\Downloads\ShoppingCart_2_JavaScript_DOM_Manipulation> git push -u origin main
error: src refspec main does not match any
error: failed to push some refs to 'https://github.com/codingName/shoppingCart2.0.git'
PS C:\Users\Name\Downloads\ShoppingCart_2_JavaScript_DOM_Manipulation> branch
branch : The term 'branch' is not recognized as the name of a cmdlet, function, script file, 
or operable program. Check the spelling of the name, or if a path was included, verify that   
the path is correct and try again.
At line:1 char:1
+ branch
+ ~~~~~~
    + CategoryInfo          : ObjectNotFound: (branch:String) [], CommandNotFoundException    
    + FullyQualifiedErrorId : CommandNotFoundException
 
PS C:\Users\Name\Downloads\ShoppingCart_2_JavaScript_DOM_Manipulation> git branch
PS C:\Users\Name\Downloads\ShoppingCart_2_JavaScript_DOM_Manipulation> git branch -M main
PS C:\Users\Name\Downloads\ShoppingCart_2_JavaScript_DOM_Manipulation> git remote add origin https://github.com/codingName/shoppingCart2.0.git
error: remote origin already exists.
PS C:\Users\Name\Downloads\ShoppingCart_2_JavaScript_DOM_Manipulation> git push -u origin main
error: src refspec main does not match any
error: failed to push some refs to 'https://github.com/codingName/shoppingCart2.0.git'
PS C:\Users\Name\Downloads\ShoppingCart_2_JavaScript_DOM_Manipulation> 